[loot-box-vending.netlify.app/index.html]
[backblue.gif]
[fade.gif]
[index.html]
[loot-box-vending.netlify.app/app/bootstrap/css/bootstrap.css]
[loot-box-vending.netlify.app/app/dist/app.css]
[loot-box-vending.netlify.app/assets/font/font-awesome.css]
[loot-box-vending.netlify.app/app/dist/aos.css]
[loot-box-vending.netlify.app/app/dist/swiper-bundle.min.css]
[loot-box-vending.netlify.app/assets/images/logo.png]
[loot-box-vending.netlify.app/assets/images/me1.jpg]
[loot-box-vending.netlify.app/assets/images/icon/wallet.png]
[loot-box-vending.netlify.app/assets/images/icon/shopping-cart.png]
[loot-box-vending.netlify.app/assets/images/icon/folder.png]
[loot-box-vending.netlify.app/app/js/jquery.min.js]
[loot-box-vending.netlify.app/app/js/swiper-bundle.min.js]
[loot-box-vending.netlify.app/app/js/swiper.js]
[loot-box-vending.netlify.app/app/js/app.js]
[loot-box-vending.netlify.app/app/js/aos.js]
[loot-box-vending.netlify.app/index.html]
[loot-box-vending.netlify.app/app/bootstrap/css/bootstrap.css]
[loot-box-vending.netlify.app/app/js/vanilla-tilt.js]
[loot-box-vending.netlify.app/assets/font/Gilroy-Bold.ttf]
[loot-box-vending.netlify.app/assets/font/Roboto-Regular.ttf]
[loot-box-vending.netlify.app/assets/images/background/bg-element.jpg]
[loot-box-vending.netlify.app/assets/images/background/bg-element-2.jpg]
[loot-box-vending.netlify.app/assets/images/background/bg-element-3.jpg]
[loot-box-vending.netlify.app/assets/images/background/bg-about.jpg]
[loot-box-vending.netlify.app/assets/images/background/counter.png]
[loot-box-vending.netlify.app/assets/images/favicon.17.delayed]
[loot-box-vending.netlify.app/assets/images/background/bg-inner-page-01.png]
[loot-box-vending.netlify.app/assets/images/background/bg-inner-page-02.png]
[loot-box-vending.netlify.app/app/dist/app.css]
[loot-box-vending.netlify.app/assets/font/icon/fa-brands-400.eot]
[loot-box-vending.netlify.app/assets/font/icon/fa-brands-400d41dd41d.eot]
[loot-box-vending.netlify.app/assets/font/icon/fa-brands-400.html]
[loot-box-vending.netlify.app/assets/font/icon/fa-brands-400.woff]
[loot-box-vending.netlify.app/assets/font/icon/fa-brands-400.ttf]
[loot-box-vending.netlify.app/assets/font/icon/fa-brands-400.svg]
[loot-box-vending.netlify.app/assets/font/icon/fa-duotone-900.eot]
[loot-box-vending.netlify.app/assets/font/icon/fa-duotone-900d41dd41d.eot]
[loot-box-vending.netlify.app/assets/font/icon/fa-duotone-900.woff]
[loot-box-vending.netlify.app/assets/font/icon/fa-duotone-900.html]
[loot-box-vending.netlify.app/assets/font/icon/fa-duotone-900.ttf]
[loot-box-vending.netlify.app/assets/font/icon/fa-duotone-900.svg]
[loot-box-vending.netlify.app/assets/font/icon/fa-light-300d41dd41d.eot]
[loot-box-vending.netlify.app/assets/font/icon/fa-light-300.html]
[loot-box-vending.netlify.app/assets/font/icon/fa-light-300.woff]
[loot-box-vending.netlify.app/assets/font/icon/fa-light-300.ttf]
[loot-box-vending.netlify.app/assets/font/icon/fa-light-300.svg]
[loot-box-vending.netlify.app/assets/font/icon/fa-regular-400.eot]
[loot-box-vending.netlify.app/assets/font/icon/fa-regular-400d41dd41d.eot]
[loot-box-vending.netlify.app/assets/font/icon/fa-regular-400.html]
[loot-box-vending.netlify.app/assets/font/icon/fa-regular-400.ttf]
[loot-box-vending.netlify.app/assets/font/icon/fa-regular-400.woff]
[loot-box-vending.netlify.app/assets/font/icon/fa-solid-900.eot]
[loot-box-vending.netlify.app/assets/font/icon/fa-solid-900d41dd41d.eot]
[loot-box-vending.netlify.app/assets/font/icon/fa-regular-400.svg]
[loot-box-vending.netlify.app/assets/font/icon/fa-solid-900.html]
[loot-box-vending.netlify.app/assets/font/icon/fa-solid-900.woff]
[loot-box-vending.netlify.app/assets/font/icon/fa-solid-900.ttf]
[loot-box-vending.netlify.app/assets/font/font-awesome.css]
[loot-box-vending.netlify.app/app/dist/aos.css]
[loot-box-vending.netlify.app/app/dist/swiper-bundle.min.css]
[loot-box-vending.netlify.app/assets/images/favicon.html]
[loot-box-vending.netlify.app/assets/font/icon/fa-brands-400.html]
[loot-box-vending.netlify.app/assets/font/icon/fa-brands-400.svg]
[loot-box-vending.netlify.app/assets/font/icon/fa-duotone-900.html]
[loot-box-vending.netlify.app/assets/font/icon/fa-duotone-900.svg]
[loot-box-vending.netlify.app/assets/icon/fa-light-300.html]
[loot-box-vending.netlify.app/assets/font/icon/fa-light-300.html]
[loot-box-vending.netlify.app/assets/font/icon/fa-light-300.svg]
[loot-box-vending.netlify.app/assets/font/icon/fa-regular-400.html]
[loot-box-vending.netlify.app/assets/font/icon/fa-regular-400.svg]
[loot-box-vending.netlify.app/assets/font/icon/fa-solid-900.html]
[loot-box-vending.netlify.app/assets/font/icon/fa-solid-900.svg]
[loot-box-vending.netlify.app/assets/font/icon/fa-solid-900.svg]
